// Bun Snapshot v1, https://goo.gl/fbAQLP

exports[`metaverse should run the metaverse tests: hygen-js new 1`] = `
{
  "actions": [],
  "success": false,
  "time": 0,
}
`;
