// Bun Snapshot v1, https://goo.gl/fbAQLP

exports[`metaverse should run the metaverse tests: init self 1`] = `
{
  "actions": [],
  "success": false,
  "time": 0,
}
`;

exports[`metaverse should run the metaverse tests: mailer new foo 1`] = `
{
  "actions": [],
  "success": false,
  "time": 0,
}
`;

exports[`metaverse should run the metaverse tests: worker new foo 1`] = `
{
  "actions": [],
  "success": false,
  "time": 0,
}
`;

exports[`metaverse should run the metaverse tests: worker init 1`] = `
{
  "actions": [],
  "success": false,
  "time": 0,
}
`;

exports[`metaverse should run the metaverse tests: [object Object] 1`] = `
{
  "actions": [],
  "success": false,
  "time": 0,
}
`;

exports[`metaverse should run the metaverse tests: --name from-params mailer new 1`] = `
{
  "actions": [],
  "success": false,
  "time": 0,
}
`;

exports[`metaverse should run the metaverse tests: sample new --name message 1`] = `
{
  "actions": [],
  "success": false,
  "time": 0,
}
`;

exports[`metaverse should run the metaverse tests: setup-new-project new test1 1`] = `
{
  "actions": [],
  "success": false,
  "time": 0,
}
`;

exports[`metaverse should run the metaverse tests: inflection new --name person --plural people --singular person 1`] = `
{
  "actions": [],
  "success": false,
  "time": 0,
}
`;

exports[`metaverse should run the metaverse tests: inflection-in-params new --name apple 1`] = `
{
  "actions": [],
  "success": false,
  "time": 0,
}
`;

exports[`metaverse should run the metaverse tests: [object Object] 2`] = `
{
  "actions": [],
  "success": false,
  "time": 0,
}
`;

exports[`metaverse should run the metaverse tests: attrs-in-body new --name foo-bar 1`] = `
{
  "actions": [],
  "success": false,
  "time": 0,
}
`;

exports[`metaverse should run the metaverse tests: add-unless-exists new --name foo 1`] = `
{
  "actions": [],
  "success": false,
  "time": 0,
}
`;

exports[`metaverse should run the metaverse tests: add-unless-exists new --name foo --overwrite 1`] = `
{
  "actions": [],
  "success": false,
  "time": 0,
}
`;

exports[`metaverse should run the metaverse tests: overwrite-yes new --name foo 1`] = `
{
  "actions": [],
  "success": false,
  "time": 0,
}
`;

exports[`metaverse should run the metaverse tests: overwrite-no new --name foo 1`] = `
{
  "actions": [],
  "success": false,
  "time": 0,
}
`;

exports[`metaverse should run the metaverse tests: conditional-rendering new --name foo --should-fire 1`] = `
{
  "actions": [],
  "success": false,
  "time": 0,
}
`;

exports[`metaverse should run the metaverse tests: conditional-rendering new --name foo 1`] = `
{
  "actions": [],
  "success": false,
  "time": 0,
}
`;

exports[`metaverse should run the metaverse tests: existing-params new --name foo 1`] = `
{
  "actions": [],
  "success": false,
  "time": 0,
}
`;

exports[`metaverse should run the metaverse tests: existing-params new-params-alias --name foo 1`] = `
{
  "actions": [],
  "success": false,
  "time": 0,
}
`;

exports[`metaverse should run the metaverse tests: index-js-existing-params new --name foo 1`] = `
{
  "actions": [],
  "success": false,
  "time": 0,
}
`;

exports[`metaverse should run the metaverse tests: index-js-existing-params new-params-alias --name foo 1`] = `
{
  "actions": [],
  "success": false,
  "time": 0,
}
`;

exports[`metaverse should run the metaverse tests: [object Object] 3`] = `
{
  "actions": [],
  "success": false,
  "time": 0,
}
`;

exports[`metaverse should run the metaverse tests: [object Object] 4`] = `
{
  "actions": [],
  "success": false,
  "time": 0,
}
`;

exports[`metaverse should run the metaverse tests: [object Object] 5`] = `
{
  "actions": [],
  "success": false,
  "time": 0,
}
`;

exports[`metaverse should run the metaverse tests: positional-name new acmecorp 1`] = `
{
  "actions": [],
  "success": false,
  "time": 0,
}
`;

exports[`metaverse should run the metaverse tests: [object Object] 6`] = `
{
  "actions": [],
  "success": false,
  "time": 0,
}
`;
