// Bun Snapshot v1, https://goo.gl/fbAQLP

exports[`metaverse-conditional should run the metaverse tests: shell new --name foo 1`] = `
{
  "actions": [],
  "success": false,
  "time": 0,
}
`;
